Compiling 281 files with Solc 0.8.24
